AR encoder behavioral C:/Users/Fabio/Downloads/HaaFuncionandoJaneiro-20180501T153158Z-001/TrabalhoCLC/encoder.vhd sub00/vhpl01 1525210005
AR decoder behavioral C:/Users/Fabio/Downloads/HaaFuncionandoJaneiro-20180501T153158Z-001/TrabalhoCLC/decoder.vhd sub00/vhpl03 1525210007
EN encoder NULL C:/Users/Fabio/Downloads/HaaFuncionandoJaneiro-20180501T153158Z-001/TrabalhoCLC/encoder.vhd sub00/vhpl00 1525210004
EN decoder NULL C:/Users/Fabio/Downloads/HaaFuncionandoJaneiro-20180501T153158Z-001/TrabalhoCLC/decoder.vhd sub00/vhpl02 1525210006
